loaded (62443498,) 14 s
select f, min(ts), max(ts), count(*) from r group by 1 
            f             min(ts)             max(ts)  count_star()
0  train.csv 2025-01-01 04:29:40 2025-09-01 01:55:45      49051927
1   test.csv 2025-09-01 04:20:19 2025-11-01 01:37:43      13391571 

select f, strftime(ts,'%Y-%m') m, count(*) n, sum((vr='1')::int) ok from r where ts>='2025-10-25' or ts<'2025-01-02' group by 1,2 order by 1,2 
            f        m        n         ok
0   test.csv  2025-10  1540636  1446219.0
1   test.csv  2025-11      615      562.0
2  train.csv  2025-01    59379    54813.0 

select rt, count(*) n, sum((vr='1')::int) ok from r group by 1 order by 2 desc 
            rt         n          ok
0  17 òğàìâàé  14801131  14099563.0
1  12 òğàìâàé   9762183   9339264.0
2  11 òğàìâàé   9354889   8942570.0
3   7 òğàìâàé   6771187   6493818.0
4  50 òğàìâàé   6279058   6027350.0
5   1 òğàìâàé   5334589   5122043.0
6  26 òğàìâàé   5098869   4879704.0
7  28 òğàìâàé   2950002   2775255.0
8  25 òğàìâàé   2091589   1988187.0
9   5 òğàìâàé         1         0.0 

select vr, count(*) from r group by 1 order by 2 desc 
     vr  count_star()
0    1      59667754
1   90       1404641
2   33        441721
3   31        405138
4   10        381795
5   40         32958
6   70         32391
7   61         28358
8   50         17771
9   23         11546
10  60          7016
11  32          6922
12  20          2894
13  80          2471
14  30            98
15  41            24 

select tt, count(*) from r group by 1 order by 2 desc 
    tt  count_star()
0  52      46438925
1  60       6644952
2  75       6141453
3  65       2938160
4  49        277223
5  53          1505
6  67           721
7  61           385
8  50           116
9  72            58 

select good_type, count(*) from r group by 1 order by 2 desc limit 25 
             good_type  count_star()
0             ÑÊÌ ÌÃÒ      20156439
1             30 äíåé       9801321
2             ÊÎØÅËÅÊ       9731101
3             ÁÁÊ ÌÃÒ       5926380
4             90 äíåé       2987399
5            365 äíåé       2531508
6         30 äíåé ÒÀÒ       2298357
7    30äí ÌÌ+ÌÃÒ ÑÊÑ        2103809
8            ÑÊÌÎ ÌÃÒ       1228416
9    90äí ÌÌ+ÌÃÒ ÑÊÑ         769623
10    30äí ÌÌ+ÌÃÒ ÑÊÓ        710605
11  30 äíåé  Ïğèãîğîä        500968
12        90 äíåé ÒÀÒ        338634
13    90äí ÌÌ+ÌÃÒ ÑÊÓ        314432
14    ÑÊÌ ñ ñîïğ. ÌÃÒ        311129
15   30 äíåé ÌÃÒ ÑÊÓ         284749
16    90 äíåé ÌÃÒ ÑÊÓ        204175
17    30 äíåé ÌÃÒ ÑÊÑ        177602
18   365 äíåé Ïğèãîğ.        173823
19        ÑÊ ÃÓÂÄ ÌÃÒ        171601
20       365 äíåé ÒÀÒ        164858
21    ÁÑÊ äğóæèí. ÌÃÒ        164388
22         3 ñóòîê ÒÊ        119892
23     ÂÅÑÁ Ì (7 ìèí)        107177
24   90 äíåé Ïğèãîğîä        107168 

select place_id, count(*) from r group by 1 order by 2 desc 
   place_id  count_star()
0    39707      32069182
1    39710      16476638
2    39709      10541446
3    39708       2932374
4    39706        423579
5     None           155
6    39711           124 

select strftime(its,'%Y-%m') m, count(*) from r where its>='2025-11-01' or its<'2025-01-01' group by 1 order by 1 
          m  count_star()
0  2025-11        199248
1  2025-12          3947
2  2026-02          7361
3  2026-03           697
4  2026-04         12904
5  2026-05           308 

select date_trunc('day',ts) d, count(*) from r where ts>='2025-10-30' group by 1 order by 1 
            d  count_star()
0 2025-10-30        260139
1 2025-10-31        240567
2 2025-11-01           615 

